WARNING: this executes the LEAST-VERIFIED H4 configuration, A-4.
Strongly recommend --runs 1 first, and reviewing every output file, before a full batch.
Level: system
Runs: 5
Type EXECUTE to continue: Waiting for freshclam to fetch signatures (up to 5 minutes)...
Waiting for clamd to finish starting (socket to appear, up to 10 minutes)...
A-4 system run 9: baseline=(1, 1, 1, 1) post=(1, 1, 0, 0) => PASS
  (UNTESTED, HIGHEST-RISK harness -- review baseline.scan.txt / post.scan.txt / post.access_state.txt)
Waiting for freshclam to fetch signatures (up to 5 minutes)...
Waiting for clamd to finish starting (socket to appear, up to 10 minutes)...
A-4 system run 10: baseline=(1, 1, 1, 1) post=(1, 1, 0, 0) => PASS
  (UNTESTED, HIGHEST-RISK harness -- review baseline.scan.txt / post.scan.txt / post.access_state.txt)
Waiting for freshclam to fetch signatures (up to 5 minutes)...
Waiting for clamd to finish starting (socket to appear, up to 10 minutes)...
A-4 system run 11: baseline=(1, 1, 1, 1) post=(1, 1, 0, 0) => PASS
  (UNTESTED, HIGHEST-RISK harness -- review baseline.scan.txt / post.scan.txt / post.access_state.txt)
Waiting for freshclam to fetch signatures (up to 5 minutes)...
Waiting for clamd to finish starting (socket to appear, up to 10 minutes)...
A-4 system run 12: baseline=(1, 1, 1, 1) post=(1, 1, 0, 0) => PASS
  (UNTESTED, HIGHEST-RISK harness -- review baseline.scan.txt / post.scan.txt / post.access_state.txt)
Waiting for freshclam to fetch signatures (up to 5 minutes)...
Waiting for clamd to finish starting (socket to appear, up to 10 minutes)...
A-4 system run 13: baseline=(1, 1, 1, 1) post=(1, 1, 0, 0) => PASS
  (UNTESTED, HIGHEST-RISK harness -- review baseline.scan.txt / post.scan.txt / post.access_state.txt)
Summary: {'PASS': 5}
